// Jest Snapshot v1, https://goo.gl/fbAQLP

exports[`ball card list component test should render ball card list 1`] = `
<div>
  <div
    class="flex flex-col gap-4"
  >
    <div
      class="flex justify-between items-center"
    >
      <h2
        class="font-black text-2xl"
      >
        Gerenciador de Esferas do Drag達o
      </h2>
      <form
        class="flex flex-col gap-2"
      >
        <label
          class="font-bold text-lg"
        >
          Filtrar
        </label>
        <button
          aria-autocomplete="none"
          aria-controls="radix-:r0:"
          aria-expanded="false"
          class="w-44 h-10 px-2 inline-flex items-center justify-between gap-1 bg-zinc-50 dark:bg-zinc-900 dark:hover:bg-zinc-800 hover:bg-zinc-100 border border-neutral-500 rounded shadow transition-colors duration-300"
          data-state="closed"
          data-testid="filter-trigger"
          dir="ltr"
          role="combobox"
          type="button"
        >
          <span
            style="pointer-events: none;"
          >
            Todas as esferas
          </span>
          <span
            aria-hidden="true"
          >
            <svg
              class="lucide lucide-chevrons-up-down"
              fill="none"
              height="24"
              stroke="currentColor"
              stroke-linecap="round"
              stroke-linejoin="round"
              stroke-width="2"
              viewBox="0 0 24 24"
              width="24"
              xmlns="http://www.w3.org/2000/svg"
            >
              <path
                d="m7 15 5 5 5-5"
              />
              <path
                d="m7 9 5-5 5 5"
              />
            </svg>
          </span>
        </button>
        <select
          aria-hidden="true"
          style="position: absolute; border: 0px; width: 1px; height: 1px; padding: 0px; margin: -1px; overflow: hidden; clip: rect(0px, 0px, 0px, 0px); white-space: nowrap; word-wrap: normal;"
          tabindex="-1"
        >
          <option
            selected=""
            value="all"
          >
            Todas as esferas
          </option>
          <option
            value="me"
          >
            Minhas esferas
          </option>
          <option
            value="not-me"
          >
            N達o tenho
          </option>
        </select>
      </form>
    </div>
    <div
      class="grid sm:grid-cols-2 md:grid-cols-3 lg:grid-cols-4 gap-4"
    >
      <div
        class="w-full p-4 flex flex-col bg-white dark:bg-zinc-800 text-zinc-950 dark:text-zinc-50 rounded-lg border-2 border-neutral-300 transition-colors duration-300"
        data-testid="card"
      >
        <div>
          <img
            alt="1 estrela"
            src="/images/dragonball-1-star.png"
          />
        </div>
        <div
          class="flex flex-col items-center gap-6 mb-6"
        >
          <p
            class="font-bold text-lg"
          >
            1 estrela
          </p>
          <div
            class="w-full flex justify-center"
          >
            <div
              class="px-2 py-1 flex items-center justify-center rounded-md bg-green-600"
            >
              <span
                class="text-zinc-50 font-bold"
              >
                Encontrada
              </span>
            </div>
          </div>
        </div>
        <div
          class="flex justify-center"
        />
      </div>
      <div
        class="w-full p-4 flex flex-col bg-white dark:bg-zinc-800 text-zinc-950 dark:text-zinc-50 rounded-lg border-2 border-neutral-300 transition-colors duration-300"
        data-testid="card"
      >
        <div>
          <img
            alt="2 estrelas"
            src="/images/dragonball-2-stars.png"
          />
        </div>
        <div
          class="flex flex-col items-center gap-6 mb-6"
        >
          <p
            class="font-bold text-lg"
          >
            2 estrelas
          </p>
          <div
            class="w-full flex justify-center"
          >
            <div
              class="px-2 py-1 flex items-center justify-center rounded-md bg-green-600"
            >
              <span
                class="text-zinc-50 font-bold"
              >
                Encontrada
              </span>
            </div>
          </div>
        </div>
        <div
          class="flex justify-center"
        />
      </div>
      <div
        class="w-full p-4 flex flex-col bg-white dark:bg-zinc-800 text-zinc-950 dark:text-zinc-50 rounded-lg border-2 border-neutral-300 transition-colors duration-300"
        data-testid="card"
      >
        <div>
          <img
            alt="3 estrelas"
            src="/images/dragonball-3-stars.png"
          />
        </div>
        <div
          class="flex flex-col items-center gap-6 mb-6"
        >
          <p
            class="font-bold text-lg"
          >
            3 estrelas
          </p>
          <div
            class="w-full flex justify-center"
          >
            <div
              class="px-2 py-1 flex items-center justify-center rounded-md bg-red-600"
            >
              <span
                class="text-zinc-50 font-bold"
              >
                N達o encontrada
              </span>
            </div>
          </div>
        </div>
        <div
          class="flex justify-center"
        >
          <button
            aria-controls="radix-:rb:"
            aria-expanded="false"
            aria-haspopup="dialog"
            class="h-10 px-4 flex flex-row items-center justify-center font-bold rounded  transition-colors duration-300 bg-orange-400 text-red-800 hover:bg-orange-300 w-full"
            data-state="closed"
            data-testid="card-button-3"
            type="button"
          >
            Encontrei
          </button>
        </div>
      </div>
      <div
        class="w-full p-4 flex flex-col bg-white dark:bg-zinc-800 text-zinc-950 dark:text-zinc-50 rounded-lg border-2 border-neutral-300 transition-colors duration-300"
        data-testid="card"
      >
        <div>
          <img
            alt="4 estrelas"
            src="/images/dragonball-4-stars.png"
          />
        </div>
        <div
          class="flex flex-col items-center gap-6 mb-6"
        >
          <p
            class="font-bold text-lg"
          >
            4 estrelas
          </p>
          <div
            class="w-full flex justify-center"
          >
            <div
              class="px-2 py-1 flex items-center justify-center rounded-md bg-green-600"
            >
              <span
                class="text-zinc-50 font-bold"
              >
                Encontrada
              </span>
            </div>
          </div>
        </div>
        <div
          class="flex justify-center"
        />
      </div>
      <div
        class="w-full p-4 flex flex-col bg-white dark:bg-zinc-800 text-zinc-950 dark:text-zinc-50 rounded-lg border-2 border-neutral-300 transition-colors duration-300"
        data-testid="card"
      >
        <div>
          <img
            alt="5 estrelas"
            src="/images/dragonball-5-stars.png"
          />
        </div>
        <div
          class="flex flex-col items-center gap-6 mb-6"
        >
          <p
            class="font-bold text-lg"
          >
            5 estrelas
          </p>
          <div
            class="w-full flex justify-center"
          >
            <div
              class="px-2 py-1 flex items-center justify-center rounded-md bg-red-600"
            >
              <span
                class="text-zinc-50 font-bold"
              >
                N達o encontrada
              </span>
            </div>
          </div>
        </div>
        <div
          class="flex justify-center"
        >
          <button
            aria-controls="radix-:rh:"
            aria-expanded="false"
            aria-haspopup="dialog"
            class="h-10 px-4 flex flex-row items-center justify-center font-bold rounded  transition-colors duration-300 bg-orange-400 text-red-800 hover:bg-orange-300 w-full"
            data-state="closed"
            data-testid="card-button-5"
            type="button"
          >
            Encontrei
          </button>
        </div>
      </div>
      <div
        class="w-full p-4 flex flex-col bg-white dark:bg-zinc-800 text-zinc-950 dark:text-zinc-50 rounded-lg border-2 border-neutral-300 transition-colors duration-300"
        data-testid="card"
      >
        <div>
          <img
            alt="6 estrelas"
            src="/images/dragonball-6-stars.png"
          />
        </div>
        <div
          class="flex flex-col items-center gap-6 mb-6"
        >
          <p
            class="font-bold text-lg"
          >
            6 estrelas
          </p>
          <div
            class="w-full flex justify-center"
          >
            <div
              class="px-2 py-1 flex items-center justify-center rounded-md bg-green-600"
            >
              <span
                class="text-zinc-50 font-bold"
              >
                Encontrada
              </span>
            </div>
          </div>
        </div>
        <div
          class="flex justify-center"
        />
      </div>
      <div
        class="w-full p-4 flex flex-col bg-white dark:bg-zinc-800 text-zinc-950 dark:text-zinc-50 rounded-lg border-2 border-neutral-300 transition-colors duration-300"
        data-testid="card"
      >
        <div>
          <img
            alt="7 estrelas"
            src="/images/dragonball-7-stars.png"
          />
        </div>
        <div
          class="flex flex-col items-center gap-6 mb-6"
        >
          <p
            class="font-bold text-lg"
          >
            7 estrelas
          </p>
          <div
            class="w-full flex justify-center"
          >
            <div
              class="px-2 py-1 flex items-center justify-center rounded-md bg-green-600"
            >
              <span
                class="text-zinc-50 font-bold"
              >
                Encontrada
              </span>
            </div>
          </div>
        </div>
        <div
          class="flex justify-center"
        />
      </div>
    </div>
  </div>
</div>
`;
